git-lfs/3.6.1 (GitHub; darwin arm64; go 1.23.4)
git version 2.46.1

$ git-lfs prune
Prune error: error in `git log`: exit status 128 fatal: not a git repository (or any of the parent directories): .git


error in `git log`: exit status 128 fatal: not a git repository (or any of the parent directories): .git

github.com/git-lfs/git-lfs/v3/errors.New
	github.com/git-lfs/git-lfs/v3/errors/errors.go:62
github.com/git-lfs/git-lfs/v3/lfs.parseScannerLogOutput.func2
	github.com/git-lfs/git-lfs/v3/lfs/gitscanner_log.go:163
runtime.goexit
	runtime/asm_arm64.s:1223

Current time in UTC:
2025-05-20 04:14:28

Environment:
LocalWorkingDir=
LocalGitDir=
LocalGitStorageDir=
LocalMediaDir=lfs/objects
LocalReferenceDirs=
TempDir=lfs/tmp
ConcurrentTransfers=8
TusTransfers=false
BasicTransfersOnly=false
SkipDownloadErrors=false
FetchRecentAlways=false
FetchRecentRefsDays=7
FetchRecentCommitsDays=0
FetchRecentRefsIncludeRemotes=true
PruneOffsetDays=3
PruneVerifyRemoteAlways=false
PruneVerifyUnreachableAlways=false
PruneRemoteName=origin
LfsStorageDir=lfs
AccessDownload=none
AccessUpload=none
DownloadTransfers=basic,lfs-standalone-file,ssh
UploadTransfers=basic,lfs-standalone-file,ssh
GIT_ASKPASS=/Applications/Visual Studio Code.app/Contents/Resources/app/extensions/git/dist/askpass.sh
GIT_EXEC_PATH=/opt/homebrew/opt/git/libexec/git-core

Client IP addresses:
fe80::14c3:1d9b:1849:8eb0 10.243.90.5
fe80::c40:154f:8ac7:6b77
fe80::84f7:1eff:feb4:f8c5
fe80::84f7:1eff:feb4:f8c5
fe80::20ab:734c:c328:5f04
fe80::54c7:4e4c:ef20:b19b
fe80::ce81:b1c:bd2c:69e
